BL51 BANKED LINKER/LOCATER V6.15                                                        12/09/2014  16:46:29  PAGE 1


BL51 BANKED LINKER/LOCATER V6.15, INVOKED BY:
C:\KEIL\C51\BIN\BL51.EXE STARTUP.obj, MAX485 test.obj TO MAX485 test RAMSIZE (256)


MEMORY MODEL: SMALL


INPUT MODULES INCLUDED:
  STARTUP.obj (?C_STARTUP)
  MAX485 test.obj (MAX485_TEST)
  C:\KEIL\C51\LIB\C51S.LIB (?C?CLDOPTR)


LINK MAP OF MODULE:  MAX485 test (?C_STARTUP)


            TYPE    BASE      LENGTH    RELOCATION   SEGMENT NAME
            -----------------------------------------------------

            * * * * * * *   D A T A   M E M O R Y   * * * * * * *
            REG     0000H     0008H     ABSOLUTE     "REG BANK 0"
            DATA    0008H     0003H     UNIT         _DATA_GROUP_
            IDATA   000BH     0001H     UNIT         ?STACK

            * * * * * * *   C O D E   M E M O R Y   * * * * * * *
            CODE    0000H     0003H     ABSOLUTE     
                    0003H     07FDH                  *** GAP ***
            CODE    0800H     002DH     UNIT         ?C?LIB_CODE
            CODE    082DH     0024H     UNIT         ?PR?_UART_STRING?MAX485_TEST
            CODE    0851H     0020H     UNIT         ?PR?_UART_DELAY?MAX485_TEST
            CODE    0871H     0015H     UNIT         ?PR?MAIN?MAX485_TEST
            CODE    0886H     0011H     UNIT         ?PR?UART_ENTER?MAX485_TEST
            CODE    0897H     000CH     UNIT         ?C_C51STARTUP
            CODE    08A3H     000CH     UNIT         ?PR?UART_INIT?MAX485_TEST
            CODE    08AFH     0008H     UNIT         ?PR?_UART_DATA?MAX485_TEST
            CODE    08B7H     0008H     UNIT         ?PR?UART_RX?MAX485_TEST
            CODE    08BFH     0003H     UNIT         ?CO?MAX485_TEST



OVERLAY MAP OF MODULE:   MAX485 test (?C_STARTUP)


SEGMENT                                DATA_GROUP 
  +--> CALLED SEGMENT                START    LENGTH
----------------------------------------------------
?C_C51STARTUP                        -----    -----
  +--> ?PR?MAIN?MAX485_TEST

?PR?MAIN?MAX485_TEST                 -----    -----
  +--> ?PR?UART_INIT?MAX485_TEST
  +--> ?CO?MAX485_TEST
  +--> ?PR?_UART_STRING?MAX485_TEST

?PR?_UART_STRING?MAX485_TEST         0008H    0003H
  +--> ?PR?_UART_DATA?MAX485_TEST


BL51 BANKED LINKER/LOCATER V6.15                                                      12/09/2014  16:46:29  PAGE 2



SYMBOL TABLE OF MODULE:  MAX485 test (?C_STARTUP)

  VALUE           TYPE          NAME
  ----------------------------------

  -------         MODULE        ?C_STARTUP
  C:0897H         SEGMENT       ?C_C51STARTUP
  I:000BH         SEGMENT       ?STACK
  C:0000H         PUBLIC        ?C_STARTUP
  D:00E0H         SYMBOL        ACC
  D:00F0H         SYMBOL        B
  D:0083H         SYMBOL        DPH
  D:0082H         SYMBOL        DPL
  N:0000H         SYMBOL        IBPSTACK
  N:0100H         SYMBOL        IBPSTACKTOP
  N:0080H         SYMBOL        IDATALEN
  C:089AH         SYMBOL        IDATALOOP
  N:0000H         SYMBOL        PBPSTACK
  N:0100H         SYMBOL        PBPSTACKTOP
  N:0000H         SYMBOL        PDATALEN
  N:0000H         SYMBOL        PDATASTART
  N:0000H         SYMBOL        PPAGE
  N:0000H         SYMBOL        PPAGEENABLE
  D:00A0H         SYMBOL        PPAGE_SFR
  D:0081H         SYMBOL        SP
  C:0897H         SYMBOL        STARTUP1
  N:0000H         SYMBOL        XBPSTACK
  N:0000H         SYMBOL        XBPSTACKTOP
  N:0000H         SYMBOL        XDATALEN
  N:0000H         SYMBOL        XDATASTART
  C:0000H         LINE#         126
  C:0897H         LINE#         133
  C:0899H         LINE#         134
  C:089AH         LINE#         135
  C:089BH         LINE#         136
  C:089DH         LINE#         185
  C:08A0H         LINE#         196
  -------         ENDMOD        ?C_STARTUP

  -------         MODULE        MAX485_TEST
  C:0000H         SYMBOL        _ICE_DUMMY_
  D:00A0H         PUBLIC        P2
  C:08B7H         PUBLIC        uart_rx
  B:0098H.0       PUBLIC        RI
  B:0098H.1       PUBLIC        TI
  C:0871H         PUBLIC        main
  C:0851H         PUBLIC        _uart_delay
  D:0099H         PUBLIC        SBUF
  D:0098H         PUBLIC        SCON
  D:0089H         PUBLIC        TMOD
  B:00A0H.0       PUBLIC        dat
  C:082DH         PUBLIC        _uart_string
  C:08AFH         PUBLIC        _uart_data
  C:0886H         PUBLIC        uart_enter
  D:008DH         PUBLIC        TH1
  C:08A3H         PUBLIC        uart_init
BL51 BANKED LINKER/LOCATER V6.15                                                      12/09/2014  16:46:29  PAGE 3


  B:0088H.6       PUBLIC        TR1
  B:00A0H.7       PUBLIC        sw
  -------         PROC          UART_INIT
  C:08A3H         LINE#         9
  C:08A3H         LINE#         10
  C:08A3H         LINE#         11
  C:08A6H         LINE#         12
  C:08A9H         LINE#         13
  C:08ACH         LINE#         14
  C:08AEH         LINE#         15
  -------         ENDPROC       UART_INIT
  -------         PROC          _UART_DATA
  D:0007H         SYMBOL        mad
  C:08AFH         LINE#         17
  C:08AFH         LINE#         18
  C:08AFH         LINE#         19
  C:08B1H         LINE#         20
  C:08B4H         LINE#         21
  C:08B6H         LINE#         22
  -------         ENDPROC       _UART_DATA
  -------         PROC          UART_RX
  -------         DO            
  D:0007H         SYMBOL        c
  -------         ENDDO         
  C:08B7H         LINE#         23
  C:08B7H         LINE#         24
  C:08B7H         LINE#         26
  C:08BAH         LINE#         27
  C:08BCH         LINE#         28
  C:08BEH         LINE#         29
  C:08BEH         LINE#         30
  -------         ENDPROC       UART_RX
  -------         PROC          _UART_STRING
  D:0008H         SYMBOL        mad
  -------         DO            
  D:0004H         SYMBOL        j
  -------         ENDDO         
  C:082DH         LINE#         32
  C:0833H         LINE#         33
  C:0833H         LINE#         36
  C:0846H         LINE#         37
  C:0850H         LINE#         38
  -------         ENDPROC       _UART_STRING
  -------         PROC          UART_ENTER
  C:0886H         LINE#         40
  C:0886H         LINE#         41
  C:0886H         LINE#         42
  C:088BH         LINE#         43
  C:0892H         LINE#         44
  -------         ENDPROC       UART_ENTER
  -------         PROC          _UART_DELAY
  D:0006H         SYMBOL        mad
  -------         DO            
  D:0004H         SYMBOL        i
  D:0002H         SYMBOL        j
  -------         ENDDO         
  C:0851H         LINE#         47
BL51 BANKED LINKER/LOCATER V6.15                                                      12/09/2014  16:46:29  PAGE 4


  C:0851H         LINE#         48
  C:0851H         LINE#         50
  C:085BH         LINE#         51
  C:0870H         LINE#         53
  -------         ENDPROC       _UART_DELAY
  -------         PROC          MAIN
  C:0871H         LINE#         7
  C:0871H         LINE#         8
  C:0871H         LINE#         9
  C:0874H         LINE#         11
  C:0877H         LINE#         12
  C:0877H         LINE#         13
  C:0879H         LINE#         14
  C:0882H         LINE#         15
  C:0885H         LINE#         16
  C:0885H         LINE#         17
  -------         ENDPROC       MAIN
  -------         ENDMOD        MAX485_TEST

  -------         MODULE        ?C?CLDOPTR
  C:0800H         PUBLIC        ?C?CLDOPTR
  -------         ENDMOD        ?C?CLDOPTR

*** WARNING L16: UNCALLED SEGMENT, IGNORED FOR OVERLAY PROCESS
    SEGMENT: ?PR?UART_RX?MAX485_TEST

*** WARNING L16: UNCALLED SEGMENT, IGNORED FOR OVERLAY PROCESS
    SEGMENT: ?PR?UART_ENTER?MAX485_TEST

******************************************************************************
* RESTRICTED VERSION WITH 0800H BYTE CODE SIZE LIMIT; USED: 0098H BYTE ( 7%) *
******************************************************************************

Program Size: data=12.0 xdata=0 code=197
LINK/LOCATE RUN COMPLETE.  2 WARNING(S),  0 ERROR(S)
