BL51 BANKED LINKER/LOCATER V6.15                                                        12/11/2014  12:32:59  PAGE 1


BL51 BANKED LINKER/LOCATER V6.15, INVOKED BY:
C:\KEIL\C51\BIN\BL51.EXE STARTUP.obj, max485 rxtest.obj TO max485 rxtest RAMSIZE (256)


MEMORY MODEL: SMALL


INPUT MODULES INCLUDED:
  STARTUP.obj (?C_STARTUP)
  max485 rxtest.obj (MAX485_RXTEST)
  C:\KEIL\C51\LIB\C51S.LIB (?C_INIT)
  C:\KEIL\C51\LIB\C51S.LIB (?C?CLDOPTR)
  C:\KEIL\C51\LIB\C51S.LIB (?C?STRCMP)


LINK MAP OF MODULE:  max485 rxtest (?C_STARTUP)


            TYPE    BASE      LENGTH    RELOCATION   SEGMENT NAME
            -----------------------------------------------------

            * * * * * * *   D A T A   M E M O R Y   * * * * * * *
            REG     0000H     0008H     ABSOLUTE     "REG BANK 0"
            DATA    0008H     0010H     UNIT         ?DT?MAX485_RXTEST
            DATA    0018H     0003H     UNIT         ?DT?_UART_STRING?MAX485_RXTEST
            IDATA   001BH     0001H     UNIT         ?STACK

            * * * * * * *   C O D E   M E M O R Y   * * * * * * *
            CODE    0000H     0003H     ABSOLUTE     
                    0003H     0020H                  *** GAP ***
            CODE    0023H     0003H     ABSOLUTE     
                    0026H     07DAH                  *** GAP ***
            CODE    0800H     01C8H     UNIT         ?C?LIB_CODE
            CODE    09C8H     008CH     UNIT         ?C_C51STARTUP
            CODE    0A54H     0032H     UNIT         ?PR?MAIN?MAX485_RXTEST
            CODE    0A86H     0026H     UNIT         ?PR?_UART_STRING?MAX485_RXTEST
            CODE    0AACH     0020H     UNIT         ?PR?_DELAY?MAX485_RXTEST
            CODE    0ACCH     0020H     UNIT         ?PR?_UART_DELAY?MAX485_RXTEST
            CODE    0AECH     001EH     UNIT         ?PR?SERIAL?MAX485_RXTEST
            CODE    0B0AH     0011H     UNIT         ?PR?UART_ENTER?MAX485_RXTEST
            CODE    0B1BH     000CH     UNIT         ?PR?UART_INIT?MAX485_RXTEST
            CODE    0B27H     000AH     UNIT         ?PR?_UART_DATA?MAX485_RXTEST
            CODE    0B31H     000AH     UNIT         ?PR?UART_RX?MAX485_RXTEST
            CODE    0B3BH     0004H     UNIT         ?C_INITSEG
            CODE    0B3FH     0003H     UNIT         ?CO?MAX485_RXTEST



OVERLAY MAP OF MODULE:   max485 rxtest (?C_STARTUP)


SEGMENT
  +--> CALLED SEGMENT
---------------------
?C_C51STARTUP
  +--> ?PR?MAIN?MAX485_RXTEST
  +--> ?C_INITSEG

BL51 BANKED LINKER/LOCATER V6.15                                                      12/11/2014  12:32:59  PAGE 2


?PR?MAIN?MAX485_RXTEST
  +--> ?PR?UART_INIT?MAX485_RXTEST
  +--> ?PR?_DELAY?MAX485_RXTEST
  +--> ?CO?MAX485_RXTEST



SYMBOL TABLE OF MODULE:  max485 rxtest (?C_STARTUP)

  VALUE           TYPE          NAME
  ----------------------------------

  -------         MODULE        ?C_STARTUP
  C:09C8H         SEGMENT       ?C_C51STARTUP
  I:001BH         SEGMENT       ?STACK
  C:0000H         PUBLIC        ?C_STARTUP
  D:00E0H         SYMBOL        ACC
  D:00F0H         SYMBOL        B
  D:0083H         SYMBOL        DPH
  D:0082H         SYMBOL        DPL
  N:0000H         SYMBOL        IBPSTACK
  N:0100H         SYMBOL        IBPSTACKTOP
  N:0080H         SYMBOL        IDATALEN
  C:09CBH         SYMBOL        IDATALOOP
  N:0000H         SYMBOL        PBPSTACK
  N:0100H         SYMBOL        PBPSTACKTOP
  N:0000H         SYMBOL        PDATALEN
  N:0000H         SYMBOL        PDATASTART
  N:0000H         SYMBOL        PPAGE
  N:0000H         SYMBOL        PPAGEENABLE
  D:00A0H         SYMBOL        PPAGE_SFR
  D:0081H         SYMBOL        SP
  C:09C8H         SYMBOL        STARTUP1
  N:0000H         SYMBOL        XBPSTACK
  N:0000H         SYMBOL        XBPSTACKTOP
  N:0000H         SYMBOL        XDATALEN
  N:0000H         SYMBOL        XDATASTART
  C:0000H         LINE#         126
  C:09C8H         LINE#         133
  C:09CAH         LINE#         134
  C:09CBH         LINE#         135
  C:09CCH         LINE#         136
  C:09CEH         LINE#         185
  C:09D1H         LINE#         196
  -------         ENDMOD        ?C_STARTUP

  -------         MODULE        MAX485_RXTEST
  C:0000H         SYMBOL        _ICE_DUMMY_
  D:00A0H         PUBLIC        P2
  C:0AECH         PUBLIC        serial
  B:00A8H.7       PUBLIC        EA
  C:0B31H         PUBLIC        uart_rx
  C:0AACH         PUBLIC        _delay
  B:00A8H.4       PUBLIC        ES
  B:0098H.0       PUBLIC        RI
  B:0098H.1       PUBLIC        TI
  C:0A54H         PUBLIC        main
BL51 BANKED LINKER/LOCATER V6.15                                                      12/11/2014  12:32:59  PAGE 3


  C:0ACCH         PUBLIC        _uart_delay
  D:0099H         PUBLIC        SBUF
  D:0098H         PUBLIC        SCON
  D:0089H         PUBLIC        TMOD
  B:00A0H.7       PUBLIC        led
  B:00A0H.0       PUBLIC        dat
  C:0A86H         PUBLIC        _uart_string
  C:0B27H         PUBLIC        _uart_data
  C:0B0AH         PUBLIC        uart_enter
  D:0008H         PUBLIC        ch
  D:008DH         PUBLIC        TH1
  C:0B1BH         PUBLIC        uart_init
  B:0088H.6       PUBLIC        TR1
  D:0017H         PUBLIC        j
  -------         PROC          _DELAY
  D:0006H         SYMBOL        m
  -------         DO            
  D:0004H         SYMBOL        i
  D:0002H         SYMBOL        j
  -------         ENDDO         
  C:0AACH         LINE#         3
  C:0AACH         LINE#         4
  C:0AACH         LINE#         7
  C:0AB6H         LINE#         8
  C:0AB6H         LINE#         9
  C:0AB9H         LINE#         10
  C:0AB9H         LINE#         12
  C:0AC4H         LINE#         13
  C:0ACBH         LINE#         14
  -------         ENDPROC       _DELAY
  -------         PROC          UART_INIT
  C:0B1BH         LINE#         11
  C:0B1BH         LINE#         12
  C:0B1BH         LINE#         13
  C:0B1EH         LINE#         14
  C:0B21H         LINE#         15
  C:0B24H         LINE#         16
  C:0B26H         LINE#         17
  -------         ENDPROC       UART_INIT
  -------         PROC          _UART_DATA
  D:0007H         SYMBOL        mad
  C:0B27H         LINE#         19
  C:0B27H         LINE#         20
  C:0B27H         LINE#         21
  C:0B29H         LINE#         22
  C:0B2BH         LINE#         23
  C:0B2EH         LINE#         24
  C:0B30H         LINE#         25
  -------         ENDPROC       _UART_DATA
  -------         PROC          UART_RX
  -------         DO            
  D:0007H         SYMBOL        c
  -------         ENDDO         
  C:0B31H         LINE#         26
  C:0B31H         LINE#         27
  C:0B31H         LINE#         29
  C:0B33H         LINE#         31
BL51 BANKED LINKER/LOCATER V6.15                                                      12/11/2014  12:32:59  PAGE 4


  C:0B36H         LINE#         32
  C:0B38H         LINE#         33
  C:0B3AH         LINE#         34
  C:0B3AH         LINE#         35
  -------         ENDPROC       UART_RX
  -------         PROC          _UART_STRING
  D:0018H         SYMBOL        mad
  -------         DO            
  D:0004H         SYMBOL        j
  -------         ENDDO         
  C:0A86H         LINE#         37
  C:0A8CH         LINE#         38
  C:0A8CH         LINE#         41
  C:0A8EH         LINE#         44
  C:0AA1H         LINE#         45
  C:0AABH         LINE#         46
  -------         ENDPROC       _UART_STRING
  -------         PROC          UART_ENTER
  C:0B0AH         LINE#         48
  C:0B0AH         LINE#         49
  C:0B0AH         LINE#         50
  C:0B0FH         LINE#         51
  C:0B16H         LINE#         52
  -------         ENDPROC       UART_ENTER
  -------         PROC          _UART_DELAY
  D:0006H         SYMBOL        mad
  -------         DO            
  D:0004H         SYMBOL        i
  D:0002H         SYMBOL        j
  -------         ENDDO         
  C:0ACCH         LINE#         55
  C:0ACCH         LINE#         56
  C:0ACCH         LINE#         58
  C:0AD6H         LINE#         59
  C:0AEBH         LINE#         61
  -------         ENDPROC       _UART_DELAY
  -------         PROC          SERIAL
  C:0AECH         LINE#         13
  C:0AF5H         LINE#         15
  C:0AF8H         LINE#         16
  C:0AF8H         LINE#         17
  C:0AFFH         LINE#         18
  C:0B01H         LINE#         19
  C:0B03H         LINE#         20
  C:0B03H         LINE#         21
  -------         ENDPROC       SERIAL
  -------         PROC          MAIN
  C:0A54H         LINE#         23
  C:0A54H         LINE#         24
  C:0A54H         LINE#         25
  C:0A56H         LINE#         26
  C:0A59H         LINE#         28
  C:0A5BH         LINE#         29
  C:0A5DH         LINE#         31
  C:0A60H         LINE#         32
  C:0A64H         LINE#         33
  C:0A6BH         LINE#         34
BL51 BANKED LINKER/LOCATER V6.15                                                      12/11/2014  12:32:59  PAGE 5


  C:0A72H         LINE#         36
  C:0A83H         LINE#         37
  C:0A83H         LINE#         38
  C:0A85H         LINE#         39
  C:0A85H         LINE#         41
  -------         ENDPROC       MAIN
  -------         ENDMOD        MAX485_RXTEST

  -------         MODULE        ?C?CLDOPTR
  C:0800H         PUBLIC        ?C?CLDOPTR
  -------         ENDMOD        ?C?CLDOPTR

  -------         MODULE        ?C?STRCMP
  C:09ABH         PUBLIC        ?C?STRCMP
  -------         ENDMOD        ?C?STRCMP

*** WARNING L16: UNCALLED SEGMENT, IGNORED FOR OVERLAY PROCESS
    SEGMENT: ?PR?UART_RX?MAX485_RXTEST

*** WARNING L16: UNCALLED SEGMENT, IGNORED FOR OVERLAY PROCESS
    SEGMENT: ?PR?_UART_STRING?MAX485_RXTEST

*** WARNING L16: UNCALLED SEGMENT, IGNORED FOR OVERLAY PROCESS
    SEGMENT: ?PR?UART_ENTER?MAX485_RXTEST

******************************************************************************
* RESTRICTED VERSION WITH 0800H BYTE CODE SIZE LIMIT; USED: 00FFH BYTE (12%) *
******************************************************************************

Program Size: data=28.0 xdata=0 code=840
LINK/LOCATE RUN COMPLETE.  3 WARNING(S),  0 ERROR(S)
