BL51 BANKED LINKER/LOCATER V6.15                                                        11/18/2014  19:46:54  PAGE 1


BL51 BANKED LINKER/LOCATER V6.15, INVOKED BY:
C:\KEIL\C51\BIN\BL51.EXE STARTUP.obj, Smart Card Test.obj TO Smart Card Test RAMSIZE (256)


MEMORY MODEL: SMALL


INPUT MODULES INCLUDED:
  STARTUP.obj (?C_STARTUP)
  Smart Card Test.obj (SMART_CARD_TEST)
  C:\KEIL\C51\LIB\C51S.LIB (?C_INIT)
  C:\KEIL\C51\LIB\C51S.LIB (?C?CLDOPTR)
  C:\KEIL\C51\LIB\C51S.LIB (?C?UIDIV)
  C:\KEIL\C51\LIB\C51S.LIB (?C?STRCMP)


LINK MAP OF MODULE:  Smart Card Test (?C_STARTUP)


            TYPE    BASE      LENGTH    RELOCATION   SEGMENT NAME
            -----------------------------------------------------

            * * * * * * *   D A T A   M E M O R Y   * * * * * * *
            REG     0000H     0008H     ABSOLUTE     "REG BANK 0"
            DATA    0008H     0045H     UNIT         ?DT?SMART_CARD_TEST
            DATA    004DH     0006H     UNIT         _DATA_GROUP_
            DATA    0053H     0004H     UNIT         ?DT?_CONVERT?SMART_CARD_TEST
            DATA    0057H     0001H     UNIT         ?DT?_LCD_I2C?SMART_CARD_TEST
            IDATA   0058H     0001H     UNIT         ?STACK

            * * * * * * *   C O D E   M E M O R Y   * * * * * * *
            CODE    0000H     0003H     ABSOLUTE     
                    0003H     0020H                  *** GAP ***
            CODE    0023H     0003H     ABSOLUTE     
                    0026H     07DAH                  *** GAP ***
            CODE    0800H     021DH     UNIT         ?C?LIB_CODE
            CODE    0A1DH     0149H     UNIT         ?PR?MAIN?SMART_CARD_TEST
            CODE    0B66H     0097H     UNIT         ?CO?SMART_CARD_TEST
            CODE    0BFDH     008CH     UNIT         ?C_C51STARTUP
            CODE    0C89H     0050H     UNIT         ?PR?_CONVERT?SMART_CARD_TEST
            CODE    0CD9H     004DH     UNIT         ?PR?_MSGDISPLAY?SMART_CARD_TEST
            CODE    0D26H     0032H     UNIT         ?PR?SERIAL?SMART_CARD_TEST
            CODE    0D58H     002CH     UNIT         ?PR?_DELAY?SMART_CARD_TEST
            CODE    0D84H     0027H     UNIT         ?PR?_LCDDATA?SMART_CARD_TEST
            CODE    0DABH     0023H     UNIT         ?PR?LCD_INIT?SMART_CARD_TEST
            CODE    0DCEH     0023H     UNIT         ?PR?_SEND_TO_MODEM?SMART_CARD_TEST
            CODE    0DF1H     0018H     UNIT         ?PR?_LCD_I2C?SMART_CARD_TEST
            CODE    0E09H     0012H     UNIT         ?PR?_LCDCMD?SMART_CARD_TEST
            CODE    0E1BH     000FH     UNIT         ?PR?UART_INIT?SMART_CARD_TEST
            CODE    0E2AH     000FH     UNIT         ?PR?_CH_SEND_TO_MODEM?SMART_CARD_TEST
            CODE    0E39H     000CH     UNIT         ?C_INITSEG



OVERLAY MAP OF MODULE:   Smart Card Test (?C_STARTUP)


SEGMENT                                         DATA_GROUP 
BL51 BANKED LINKER/LOCATER V6.15                                                      11/18/2014  19:46:54  PAGE 2


  +--> CALLED SEGMENT                         START    LENGTH
-------------------------------------------------------------
?C_C51STARTUP                                 -----    -----
  +--> ?PR?MAIN?SMART_CARD_TEST
  +--> ?C_INITSEG

?PR?MAIN?SMART_CARD_TEST                      -----    -----
  +--> ?PR?LCD_INIT?SMART_CARD_TEST
  +--> ?PR?_DELAY?SMART_CARD_TEST
  +--> ?PR?UART_INIT?SMART_CARD_TEST
  +--> ?PR?_LCDCMD?SMART_CARD_TEST
  +--> ?CO?SMART_CARD_TEST
  +--> ?PR?_MSGDISPLAY?SMART_CARD_TEST
  +--> ?PR?_SEND_TO_MODEM?SMART_CARD_TEST
  +--> ?PR?_CH_SEND_TO_MODEM?SMART_CARD_TEST

?PR?LCD_INIT?SMART_CARD_TEST                  -----    -----
  +--> ?PR?_LCDCMD?SMART_CARD_TEST

?PR?_LCDCMD?SMART_CARD_TEST                   0052H    0001H
  +--> ?PR?_DELAY?SMART_CARD_TEST

?PR?_MSGDISPLAY?SMART_CARD_TEST               004DH    0005H
  +--> ?PR?_LCDCMD?SMART_CARD_TEST
  +--> ?PR?_LCDDATA?SMART_CARD_TEST

?PR?_LCDDATA?SMART_CARD_TEST                  0052H    0001H
  +--> ?PR?_DELAY?SMART_CARD_TEST

?PR?_SEND_TO_MODEM?SMART_CARD_TEST            004DH    0003H



SYMBOL TABLE OF MODULE:  Smart Card Test (?C_STARTUP)

  VALUE           TYPE          NAME
  ----------------------------------

  -------         MODULE        ?C_STARTUP
  C:0BFDH         SEGMENT       ?C_C51STARTUP
  I:0058H         SEGMENT       ?STACK
  C:0000H         PUBLIC        ?C_STARTUP
  D:00E0H         SYMBOL        ACC
  D:00F0H         SYMBOL        B
  D:0083H         SYMBOL        DPH
  D:0082H         SYMBOL        DPL
  N:0000H         SYMBOL        IBPSTACK
  N:0100H         SYMBOL        IBPSTACKTOP
  N:0080H         SYMBOL        IDATALEN
  C:0C00H         SYMBOL        IDATALOOP
  N:0000H         SYMBOL        PBPSTACK
  N:0100H         SYMBOL        PBPSTACKTOP
  N:0000H         SYMBOL        PDATALEN
  N:0000H         SYMBOL        PDATASTART
  N:0000H         SYMBOL        PPAGE
  N:0000H         SYMBOL        PPAGEENABLE
  D:00A0H         SYMBOL        PPAGE_SFR
BL51 BANKED LINKER/LOCATER V6.15                                                      11/18/2014  19:46:54  PAGE 3


  D:0081H         SYMBOL        SP
  C:0BFDH         SYMBOL        STARTUP1
  N:0000H         SYMBOL        XBPSTACK
  N:0000H         SYMBOL        XBPSTACKTOP
  N:0000H         SYMBOL        XDATALEN
  N:0000H         SYMBOL        XDATASTART
  C:0000H         LINE#         126
  C:0BFDH         LINE#         133
  C:0BFFH         LINE#         134
  C:0C00H         LINE#         135
  C:0C01H         LINE#         136
  C:0C03H         LINE#         185
  C:0C06H         LINE#         196
  -------         ENDMOD        ?C_STARTUP

  -------         MODULE        SMART_CARD_TEST
  C:0000H         SYMBOL        _ICE_DUMMY_
  D:0090H         PUBLIC        P1
  C:0D26H         PUBLIC        serial
  C:0C89H         PUBLIC        _convert
  B:00A8H.7       PUBLIC        EA
  C:0D64H         PUBLIC        _delay
  C:0E31H         PUBLIC        _ch_send_to_modem
  C:0DF1H         PUBLIC        _lcd_i2c
  D:0008H         PUBLIC        amount
  B:00A8H.4       PUBLIC        ES
  B:0098H.0       PUBLIC        RI
  B:0098H.1       PUBLIC        TI
  C:0A1DH         PUBLIC        main
  D:0099H         PUBLIC        SBUF
  D:0087H         PUBLIC        PCON
  D:0098H         PUBLIC        SCON
  D:0089H         PUBLIC        TMOD
  D:000AH         PUBLIC        buf
  C:0CD9H         PUBLIC        _msgdisplay
  D:003CH         PUBLIC        balance
  D:003EH         PUBLIC        ch
  C:0DABH         PUBLIC        lcd_init
  D:008DH         PUBLIC        TH1
  C:0D87H         PUBLIC        _lcddata
  C:0E1BH         PUBLIC        UART_init
  D:003FH         PUBLIC        tempdata
  B:0088H.6       PUBLIC        TR1
  C:0DCEH         PUBLIC        _send_to_modem
  D:0049H         PUBLIC        i
  B:0090H.3       PUBLIC        lcd_en
  D:004AH         PUBLIC        j
  C:0E09H         PUBLIC        _lcdcmd
  D:004BH         PUBLIC        duration
  B:0090H.2       PUBLIC        lcd_rs
  -------         PROC          LCD_INIT
  C:0DABH         LINE#         16
  C:0DABH         LINE#         17
  C:0DABH         LINE#         18
  C:0DB0H         LINE#         19
  C:0DB5H         LINE#         20
  C:0DBAH         LINE#         21
BL51 BANKED LINKER/LOCATER V6.15                                                      11/18/2014  19:46:54  PAGE 4


  C:0DBFH         LINE#         23
  C:0DC4H         LINE#         24
  C:0DC9H         LINE#         25
  -------         ENDPROC       LCD_INIT
  -------         PROC          _LCDCMD
  D:0052H         SYMBOL        value
  C:0E09H         LINE#         29
  C:0E0BH         LINE#         30
  C:0E0BH         LINE#         39
  C:0E0DH         LINE#         40
  C:0E0DH         LINE#         41
  C:0E0DH         LINE#         42
  C:0E10H         LINE#         43
  C:0E12H         LINE#         44
  C:0E15H         LINE#         45
  C:0E15H         LINE#         46
  C:0E15H         LINE#         47
  C:0E18H         LINE#         48
  C:0E1AH         LINE#         50
  -------         ENDPROC       _LCDCMD
  -------         PROC          L?0057
  -------         ENDPROC       L?0057
  -------         PROC          _LCDDATA
  D:0052H         SYMBOL        value
  C:0D87H         LINE#         52
  C:0D89H         LINE#         54
  C:0D89H         LINE#         62
  C:0D8FH         LINE#         63
  C:0D91H         LINE#         64
  C:0D91H         LINE#         65
  C:0D94H         LINE#         66
  C:0D96H         LINE#         67
  C:0D9DH         LINE#         68
  C:0D9FH         LINE#         69
  C:0D9FH         LINE#         70
  C:0DA2H         LINE#         71
  C:0DA4H         LINE#         73
  -------         ENDPROC       _LCDDATA
  -------         PROC          _MSGDISPLAY
  D:004DH         SYMBOL        b
  -------         DO            
  D:0050H         SYMBOL        s
  D:0051H         SYMBOL        count
  -------         ENDDO         
  C:0CD9H         LINE#         78
  C:0CDFH         LINE#         79
  C:0CDFH         LINE#         80
  C:0CE2H         LINE#         81
  C:0CF5H         LINE#         82
  C:0CF5H         LINE#         83
  C:0CF7H         LINE#         84
  C:0CFCH         LINE#         85
  C:0D01H         LINE#         86
  C:0D06H         LINE#         87
  C:0D06H         LINE#         88
  C:0D0BH         LINE#         89
  C:0D0EH         LINE#         90
BL51 BANKED LINKER/LOCATER V6.15                                                      11/18/2014  19:46:54  PAGE 5


  C:0D0EH         LINE#         91
  C:0D21H         LINE#         92
  C:0D25H         LINE#         93
  -------         ENDPROC       _MSGDISPLAY
  C:0D5EH         SYMBOL        L?0055
  -------         PROC          L?0054
  -------         ENDPROC       L?0054
  C:0D5EH         SYMBOL        L?0055
  -------         PROC          _DELAY
  D:0006H         SYMBOL        value
  -------         DO            
  D:0004H         SYMBOL        x
  D:0002H         SYMBOL        y
  -------         ENDDO         
  C:0D64H         LINE#         96
  C:0D64H         LINE#         98
  C:0D64H         LINE#         100
  C:0D6EH         LINE#         101
  C:0D83H         LINE#         102
  -------         ENDPROC       _DELAY
  -------         PROC          _LCD_I2C
  D:0007H         SYMBOL        value
  -------         DO            
  D:0006H         SYMBOL        val1
  D:0057H         SYMBOL        val2
  -------         ENDDO         
  C:0DF1H         LINE#         104
  C:0DF1H         LINE#         105
  C:0DF1H         LINE#         107
  C:0DF4H         LINE#         108
  C:0DF8H         LINE#         109
  C:0DFDH         LINE#         110
  C:0E01H         LINE#         111
  -------         ENDPROC       _LCD_I2C
  -------         PROC          UART_INIT
  C:0E1BH         LINE#         8
  C:0E1BH         LINE#         9
  C:0E1BH         LINE#         10
  C:0E1EH         LINE#         11
  C:0E21H         LINE#         12
  C:0E24H         LINE#         13
  C:0E27H         LINE#         14
  C:0E29H         LINE#         15
  -------         ENDPROC       UART_INIT
  -------         PROC          _SEND_TO_MODEM
  D:004DH         SYMBOL        s
  -------         DO            
  D:0007H         SYMBOL        r
  -------         ENDDO         
  C:0DCEH         LINE#         18
  C:0DD4H         LINE#         19
  C:0DD4H         LINE#         22
  C:0DE6H         LINE#         23
  C:0DE6H         LINE#         24
  C:0DE8H         LINE#         25
  C:0DEBH         LINE#         26
  C:0DEDH         LINE#         28
BL51 BANKED LINKER/LOCATER V6.15                                                      11/18/2014  19:46:54  PAGE 6


  C:0DF0H         LINE#         30
  -------         ENDPROC       _SEND_TO_MODEM
  -------         PROC          L?0056
  -------         ENDPROC       L?0056
  -------         PROC          _CH_SEND_TO_MODEM
  D:0007H         SYMBOL        single_char
  C:0E31H         LINE#         33
  C:0E31H         LINE#         34
  C:0E31H         LINE#         36
  C:0E33H         LINE#         37
  C:0E36H         LINE#         38
  C:0E38H         LINE#         40
  -------         ENDPROC       _CH_SEND_TO_MODEM
  -------         PROC          _CONVERT
  D:0002H         SYMBOL        temp1_value
  -------         DO            
  D:0082H         SYMBOL        value
  D:0002H         SYMBOL        d1
  D:0053H         SYMBOL        d2
  D:0055H         SYMBOL        d3
  -------         ENDDO         
  C:0C89H         LINE#         10
  C:0C8DH         LINE#         12
  C:0C8DH         LINE#         14
  C:0C98H         LINE#         15
  C:0CA7H         LINE#         16
  C:0CB4H         LINE#         17
  C:0CC3H         LINE#         18
  C:0CC9H         LINE#         19
  C:0CD1H         LINE#         20
  -------         ENDPROC       _CONVERT
  -------         PROC          SERIAL
  C:0D26H         LINE#         24
  C:0D2FH         LINE#         27
  C:0D32H         LINE#         28
  C:0D32H         LINE#         30
  C:0D3EH         LINE#         31
  C:0D3EH         LINE#         32
  C:0D45H         LINE#         33
  C:0D4DH         LINE#         34
  C:0D4FH         LINE#         35
  C:0D4FH         LINE#         37
  C:0D51H         LINE#         39
  C:0D51H         LINE#         41
  -------         ENDPROC       SERIAL
  -------         PROC          MAIN
  -------         DO            
  C:0A3BH         SYMBOL        start
  -------         ENDDO         
  C:0A1DH         LINE#         44
  C:0A1DH         LINE#         45
  C:0A1DH         LINE#         46
  C:0A20H         LINE#         47
  C:0A27H         LINE#         48
  C:0A2AH         LINE#         49
  C:0A2DH         LINE#         51
  C:0A32H         LINE#         52
BL51 BANKED LINKER/LOCATER V6.15                                                      11/18/2014  19:46:54  PAGE 7


  C:0A3BH         LINE#         54
  C:0A3BH         LINE#         56
  C:0A40H         LINE#         57
  C:0A49H         LINE#         59
  C:0A4BH         LINE#         60
  C:0A4DH         LINE#         62
  C:0A50H         LINE#         63
  C:0A54H         LINE#         64
  C:0A5BH         LINE#         65
  C:0A62H         LINE#         66
  C:0A64H         LINE#         68
  C:0A69H         LINE#         69
  C:0A72H         LINE#         71
  C:0A79H         LINE#         72
  C:0A8EH         LINE#         73
  C:0A8EH         LINE#         74
  C:0A90H         LINE#         75
  C:0A99H         LINE#         76
  C:0A99H         LINE#         77
  C:0A9CH         LINE#         79
  C:0AA0H         LINE#         80
  C:0AA7H         LINE#         81
  C:0AACH         LINE#         82
  C:0AB5H         LINE#         83
  C:0ABCH         LINE#         85
  C:0ABFH         LINE#         86
  C:0AC8H         LINE#         87
  C:0AC8H         LINE#         88
  C:0ACBH         LINE#         90
  C:0ACEH         LINE#         91
  C:0AD2H         LINE#         92
  C:0AD9H         LINE#         93
  C:0AE0H         LINE#         95
  C:0AE5H         LINE#         96
  C:0AE5H         LINE#         97
  C:0AEAH         LINE#         98
  C:0AF0H         LINE#         99
  C:0AF0H         LINE#         100
  C:0AF2H         LINE#         102
  C:0AF9H         LINE#         103
  C:0AF9H         LINE#         104
  C:0AFCH         LINE#         105
  C:0B02H         LINE#         106
  C:0B02H         LINE#         107
  C:0B04H         LINE#         110
  C:0B04H         LINE#         111
  C:0B07H         LINE#         112
  C:0B10H         LINE#         113
  C:0B17H         LINE#         114
  C:0B17H         LINE#         115
  C:0B1CH         LINE#         116
  C:0B25H         LINE#         118
  C:0B28H         LINE#         119
  C:0B2CH         LINE#         120
  C:0B33H         LINE#         121
  C:0B36H         LINE#         123
  C:0B39H         LINE#         125
BL51 BANKED LINKER/LOCATER V6.15                                                      11/18/2014  19:46:54  PAGE 8


  C:0B39H         LINE#         128
  C:0B39H         LINE#         129
  C:0B3EH         LINE#         130
  C:0B47H         LINE#         131
  C:0B4CH         LINE#         132
  C:0B55H         LINE#         134
  C:0B58H         LINE#         135
  C:0B5CH         LINE#         136
  C:0B63H         LINE#         137
  -------         ENDPROC       MAIN
  -------         ENDMOD        SMART_CARD_TEST

  -------         MODULE        ?C?CLDOPTR
  C:0800H         PUBLIC        ?C?CLDOPTR
  -------         ENDMOD        ?C?CLDOPTR

  -------         MODULE        ?C?UIDIV
  C:082DH         PUBLIC        ?C?UIDIV
  -------         ENDMOD        ?C?UIDIV

  -------         MODULE        ?C?STRCMP
  C:0A00H         PUBLIC        ?C?STRCMP
  -------         ENDMOD        ?C?STRCMP

*** WARNING L16: UNCALLED SEGMENT, IGNORED FOR OVERLAY PROCESS
    SEGMENT: ?PR?_LCD_I2C?SMART_CARD_TEST

*** WARNING L16: UNCALLED SEGMENT, IGNORED FOR OVERLAY PROCESS
    SEGMENT: ?PR?_CONVERT?SMART_CARD_TEST

******************************************************************************
* RESTRICTED VERSION WITH 0800H BYTE CODE SIZE LIMIT; USED: 03ADH BYTE (45%) *
******************************************************************************

Program Size: data=89.0 xdata=0 code=1611
LINK/LOCATE RUN COMPLETE.  2 WARNING(S),  0 ERROR(S)
